// Jest Snapshot v1, https://goo.gl/fbAQLP

exports[`Doctor snapshot renders correctly 1`] = `null`;

exports[`checks if Navbar component renders correctly should renders correct text 1`] = `null`;
