// Jest Snapshot v1, https://goo.gl/fbAQLP

exports[`renders SuccessHandler correctly 1`] = `
<div
  className="success"
>
  <span>
    Success
     
    Successfull
  </span>
</div>
`;
